C51 COMPILER V9.60.0.0   MAIN                                                              10/04/2020 19:04:45 PAGE 1   


C51 COMPILER V9.60.0.0, COMPILATION OF MODULE MAIN
OBJECT MODULE PLACED IN .\Objects\main.obj
COMPILER INVOKED BY: C:\Keil_v5\C51\BIN\C51.EXE main.c OPTIMIZE(8,SPEED) BROWSE DEBUG OBJECTEXTEND PRINT(.\Listings\main
                    -.lst) TABS(2) OBJECT(.\Objects\main.obj)

line level    source

   1          #include <reg52.h>
   2          #include <init.h>
   3          #include <util.h>
   4          #include <line_detector.h>
   5          
   6          sbit test = P2 ^ 0;
   7          
   8          void main () {
   9   1        
  10   1          EA = 1;
  11   1          init_timer_0();
  12   1          init_external_interrupt_0();
  13   1          init_motor();
  14   1          
  15   1          while(1) {
  16   2            test = 1;
  17   2            delay(1000);
  18   2            test = 0;
  19   2            delay(1000);
  20   2          }
  21   1      }


MODULE INFORMATION:   STATIC OVERLAYABLE
   CODE SIZE        =     31    ----
   CONSTANT SIZE    =   ----    ----
   XDATA SIZE       =   ----    ----
   PDATA SIZE       =   ----    ----
   DATA SIZE        =   ----    ----
   IDATA SIZE       =   ----    ----
   BIT SIZE         =   ----    ----
END OF MODULE INFORMATION.


C51 COMPILATION COMPLETE.  0 WARNING(S),  0 ERROR(S)
